-- The C compiler identification is GNU 11.4.0
-- The CXX compiler identification is GNU 11.4.0
-- Detecting C compiler ABI info
-- Detecting C compiler ABI info - done
-- Check for working C compiler: /usr/bin/cc - skipped
-- Detecting C compile features
-- Detecting C compile features - done
-- Detecting CXX compiler ABI info
-- Detecting CXX compiler ABI info - done
-- Check for working CXX compiler: /usr/bin/c++ - skipped
-- Detecting CXX compile features
-- Detecting CXX compile features - done
-- Found ament_cmake: 1.3.14 (/opt/ros/humble/share/ament_cmake/cmake)
-- Found Python3: /usr/bin/python3 (found version "3.10.12") found components: Interpreter 
-- Override CMake install command with custom implementation using symlinks instead of copying resources
-- Configuring done
-- Generating done
-- Build files have been written to: /home/faps/isaacsim_ros2/src/robot_description/build/robot_description
-- Install configuration: ""
-- Execute custom install script
-- Symlinking: /home/faps/isaacsim_ros2/src/robot_description/install/robot_description/share/robot_description/meshes/Amoeba.stl
-- Symlinking: /home/faps/isaacsim_ros2/src/robot_description/install/robot_description/share/robot_description/meshes/Base_link.stl
-- Symlinking: /home/faps/isaacsim_ros2/src/robot_description/install/robot_description/share/robot_description/meshes/Bracket.stl
-- Symlinking: /home/faps/isaacsim_ros2/src/robot_description/install/robot_description/share/robot_description/meshes/Clamp_Vorderteil/ClampVorderteil.stl
-- Symlinking: /home/faps/isaacsim_ros2/src/robot_description/install/robot_description/share/robot_description/meshes/Coil.stl
-- Symlinking: /home/faps/isaacsim_ros2/src/robot_description/install/robot_description/share/robot_description/meshes/Hex.stl
-- Symlinking: /home/faps/isaacsim_ros2/src/robot_description/install/robot_description/share/robot_description/meshes/Nozzle_for_tape.stl
-- Symlinking: /home/faps/isaacsim_ros2/src/robot_description/install/robot_description/share/robot_description/meshes/Spulengeometrie/Spulengeometrie.stl
-- Symlinking: /home/faps/isaacsim_ros2/src/robot_description/install/robot_description/share/robot_description/meshes/ZwischenteilClampVorderteilUndCoil.stl
-- Symlinking: /home/faps/isaacsim_ros2/src/robot_description/install/robot_description/share/robot_description/meshes/camera_stl/clamp_base.stl
-- Symlinking: /home/faps/isaacsim_ros2/src/robot_description/install/robot_description/share/robot_description/meshes/camera_stl/clamp_stem.stl
-- Symlinking: /home/faps/isaacsim_ros2/src/robot_description/install/robot_description/share/robot_description/meshes/camera_stl/d435.dae
-- Symlinking: /home/faps/isaacsim_ros2/src/robot_description/install/robot_description/share/robot_description/meshes/clamp_ohne_stator.dae
-- Symlinking: /home/faps/isaacsim_ros2/src/robot_description/install/robot_description/share/robot_description/meshes/coupler.stl
-- Symlinking: /home/faps/isaacsim_ros2/src/robot_description/install/robot_description/share/robot_description/meshes/on_robot_ft/onrobot_hexe_v2_ft_sensor.dae
-- Symlinking: /home/faps/isaacsim_ros2/src/robot_description/install/robot_description/share/robot_description/meshes/on_robot_ft/onrobot_hexe_v2_ft_sensor.stl
-- Symlinking: /home/faps/isaacsim_ros2/src/robot_description/install/robot_description/share/robot_description/meshes/on_robot_rg2/collision/base_link.stl
-- Symlinking: /home/faps/isaacsim_ros2/src/robot_description/install/robot_description/share/robot_description/meshes/on_robot_rg2/collision/inner_finger.stl
-- Symlinking: /home/faps/isaacsim_ros2/src/robot_description/install/robot_description/share/robot_description/meshes/on_robot_rg2/collision/inner_knuckle.stl
-- Symlinking: /home/faps/isaacsim_ros2/src/robot_description/install/robot_description/share/robot_description/meshes/on_robot_rg2/collision/outer_knuckle.stl
-- Symlinking: /home/faps/isaacsim_ros2/src/robot_description/install/robot_description/share/robot_description/meshes/on_robot_rg2/visual/base_link.stl
-- Symlinking: /home/faps/isaacsim_ros2/src/robot_description/install/robot_description/share/robot_description/meshes/on_robot_rg2/visual/inner_finger.stl
-- Symlinking: /home/faps/isaacsim_ros2/src/robot_description/install/robot_description/share/robot_description/meshes/on_robot_rg2/visual/inner_knuckle.stl
-- Symlinking: /home/faps/isaacsim_ros2/src/robot_description/install/robot_description/share/robot_description/meshes/on_robot_rg2/visual/outer_knuckle.stl
-- Symlinking: /home/faps/isaacsim_ros2/src/robot_description/install/robot_description/share/robot_description/meshes/setup_faps.dae
-- Symlinking: /home/faps/isaacsim_ros2/src/robot_description/install/robot_description/share/robot_description/meshes/sps_tablet.dae
-- Symlinking: /home/faps/isaacsim_ros2/src/robot_description/install/robot_description/share/robot_description/meshes/stator_clamp/clamp.dae
-- Symlinking: /home/faps/isaacsim_ros2/src/robot_description/install/robot_description/share/robot_description/meshes/stator_clamp/stator.dae
-- Symlinking: /home/faps/isaacsim_ros2/src/robot_description/install/robot_description/share/robot_description/meshes/stator_clamp/stator_old.dae
-- Symlinking: /home/faps/isaacsim_ros2/src/robot_description/install/robot_description/share/robot_description/meshes/stator_clean.dae
-- Symlinking: /home/faps/isaacsim_ros2/src/robot_description/install/robot_description/share/robot_description/meshes/tisch12_faps.dae
-- Symlinking: /home/faps/isaacsim_ros2/src/robot_description/install/robot_description/share/robot_description/meshes/tisch12_faps.stl
-- Symlinking: /home/faps/isaacsim_ros2/src/robot_description/install/robot_description/share/robot_description/meshes/ur10e/collision/base.stl
-- Symlinking: /home/faps/isaacsim_ros2/src/robot_description/install/robot_description/share/robot_description/meshes/ur10e/collision/forearm.stl
-- Symlinking: /home/faps/isaacsim_ros2/src/robot_description/install/robot_description/share/robot_description/meshes/ur10e/collision/shoulder.stl
-- Symlinking: /home/faps/isaacsim_ros2/src/robot_description/install/robot_description/share/robot_description/meshes/ur10e/collision/upperarm.stl
-- Symlinking: /home/faps/isaacsim_ros2/src/robot_description/install/robot_description/share/robot_description/meshes/ur10e/collision/wrist1.stl
-- Symlinking: /home/faps/isaacsim_ros2/src/robot_description/install/robot_description/share/robot_description/meshes/ur10e/collision/wrist2.stl
-- Symlinking: /home/faps/isaacsim_ros2/src/robot_description/install/robot_description/share/robot_description/meshes/ur10e/collision/wrist3.stl
-- Symlinking: /home/faps/isaacsim_ros2/src/robot_description/install/robot_description/share/robot_description/meshes/ur10e/visual/base.dae
-- Symlinking: /home/faps/isaacsim_ros2/src/robot_description/install/robot_description/share/robot_description/meshes/ur10e/visual/forearm.dae
-- Symlinking: /home/faps/isaacsim_ros2/src/robot_description/install/robot_description/share/robot_description/meshes/ur10e/visual/shoulder.dae
-- Symlinking: /home/faps/isaacsim_ros2/src/robot_description/install/robot_description/share/robot_description/meshes/ur10e/visual/upperarm.dae
-- Symlinking: /home/faps/isaacsim_ros2/src/robot_description/install/robot_description/share/robot_description/meshes/ur10e/visual/wrist1.dae
-- Symlinking: /home/faps/isaacsim_ros2/src/robot_description/install/robot_description/share/robot_description/meshes/ur10e/visual/wrist2.dae
-- Symlinking: /home/faps/isaacsim_ros2/src/robot_description/install/robot_description/share/robot_description/meshes/ur10e/visual/wrist3.dae
-- Symlinking: /home/faps/isaacsim_ros2/src/robot_description/install/robot_description/share/robot_description/meshes/ur5/collision/base.stl
-- Symlinking: /home/faps/isaacsim_ros2/src/robot_description/install/robot_description/share/robot_description/meshes/ur5/collision/forearm.stl
-- Symlinking: /home/faps/isaacsim_ros2/src/robot_description/install/robot_description/share/robot_description/meshes/ur5/collision/robotiq_85_base_link.stl
-- Symlinking: /home/faps/isaacsim_ros2/src/robot_description/install/robot_description/share/robot_description/meshes/ur5/collision/robotiq_85_finger_link.stl
-- Symlinking: /home/faps/isaacsim_ros2/src/robot_description/install/robot_description/share/robot_description/meshes/ur5/collision/robotiq_85_finger_tip_link.stl
-- Symlinking: /home/faps/isaacsim_ros2/src/robot_description/install/robot_description/share/robot_description/meshes/ur5/collision/robotiq_85_inner_knuckle_link.stl
-- Symlinking: /home/faps/isaacsim_ros2/src/robot_description/install/robot_description/share/robot_description/meshes/ur5/collision/robotiq_85_knuckle_link.stl
-- Symlinking: /home/faps/isaacsim_ros2/src/robot_description/install/robot_description/share/robot_description/meshes/ur5/collision/shoulder.stl
-- Symlinking: /home/faps/isaacsim_ros2/src/robot_description/install/robot_description/share/robot_description/meshes/ur5/collision/upperarm.stl
-- Symlinking: /home/faps/isaacsim_ros2/src/robot_description/install/robot_description/share/robot_description/meshes/ur5/collision/wrist1.stl
-- Symlinking: /home/faps/isaacsim_ros2/src/robot_description/install/robot_description/share/robot_description/meshes/ur5/collision/wrist2.stl
-- Symlinking: /home/faps/isaacsim_ros2/src/robot_description/install/robot_description/share/robot_description/meshes/ur5/collision/wrist3.stl
-- Symlinking: /home/faps/isaacsim_ros2/src/robot_description/install/robot_description/share/robot_description/meshes/ur5/visual/base.dae
-- Symlinking: /home/faps/isaacsim_ros2/src/robot_description/install/robot_description/share/robot_description/meshes/ur5/visual/forearm.dae
-- Symlinking: /home/faps/isaacsim_ros2/src/robot_description/install/robot_description/share/robot_description/meshes/ur5/visual/robotiq_85_base_link.dae
-- Symlinking: /home/faps/isaacsim_ros2/src/robot_description/install/robot_description/share/robot_description/meshes/ur5/visual/robotiq_85_finger_link.dae
-- Symlinking: /home/faps/isaacsim_ros2/src/robot_description/install/robot_description/share/robot_description/meshes/ur5/visual/robotiq_85_finger_tip_link.dae
-- Symlinking: /home/faps/isaacsim_ros2/src/robot_description/install/robot_description/share/robot_description/meshes/ur5/visual/robotiq_85_inner_knuckle_link.dae
-- Symlinking: /home/faps/isaacsim_ros2/src/robot_description/install/robot_description/share/robot_description/meshes/ur5/visual/robotiq_85_knuckle_link.dae
-- Symlinking: /home/faps/isaacsim_ros2/src/robot_description/install/robot_description/share/robot_description/meshes/ur5/visual/shoulder.dae
-- Symlinking: /home/faps/isaacsim_ros2/src/robot_description/install/robot_description/share/robot_description/meshes/ur5/visual/upperarm.dae
-- Symlinking: /home/faps/isaacsim_ros2/src/robot_description/install/robot_description/share/robot_description/meshes/ur5/visual/wrist1.dae
-- Symlinking: /home/faps/isaacsim_ros2/src/robot_description/install/robot_description/share/robot_description/meshes/ur5/visual/wrist2.dae
-- Symlinking: /home/faps/isaacsim_ros2/src/robot_description/install/robot_description/share/robot_description/meshes/ur5/visual/wrist3.dae
-- Symlinking: /home/faps/isaacsim_ros2/src/robot_description/install/robot_description/share/robot_description/robot/configuration/robot_base.usd
-- Symlinking: /home/faps/isaacsim_ros2/src/robot_description/install/robot_description/share/robot_description/robot/configuration/robot_physics.usd
-- Symlinking: /home/faps/isaacsim_ros2/src/robot_description/install/robot_description/share/robot_description/robot/configuration/robot_sensor.usd
-- Symlinking: /home/faps/isaacsim_ros2/src/robot_description/install/robot_description/share/robot_description/robot/robot.usd
-- Symlinking: /home/faps/isaacsim_ros2/src/robot_description/install/robot_description/share/robot_description/table_clamp/configuration/table_clamp_base.usd
-- Symlinking: /home/faps/isaacsim_ros2/src/robot_description/install/robot_description/share/robot_description/table_clamp/configuration/table_clamp_physics.usd
-- Symlinking: /home/faps/isaacsim_ros2/src/robot_description/install/robot_description/share/robot_description/table_clamp/configuration/table_clamp_sensor.usd
-- Symlinking: /home/faps/isaacsim_ros2/src/robot_description/install/robot_description/share/robot_description/table_clamp/table_clamp.usd
