[0.006s] Invoking command in '/home/faps/isaacsim_ros2/src/robot_description/build/robot_description': CMAKE_PREFIX_PATH=${CMAKE_PREFIX_PATH}:/home/faps/ros_2/workspace_ur_ros2/install/onrobot_rg_modbus_tcp:/home/faps/ros_2/workspace_ur_ros2/install/onrobot_rg_control:/opt/ros/humble /usr/bin/cmake /home/faps/isaacsim_ros2/src/robot_description -DAMENT_CMAKE_SYMLINK_INSTALL=1 -DCMAKE_INSTALL_PREFIX=/home/faps/isaacsim_ros2/src/robot_description/install/robot_description
[0.044s] -- The C compiler identification is GNU 11.4.0
[0.074s] -- The CXX compiler identification is GNU 11.4.0
[0.078s] -- Detecting C compiler ABI info
[0.122s] -- Detecting C compiler ABI info - done
[0.125s] -- Check for working C compiler: /usr/bin/cc - skipped
[0.125s] -- Detecting C compile features
[0.125s] -- Detecting C compile features - done
[0.127s] -- Detecting CXX compiler ABI info
[0.173s] -- Detecting CXX compiler ABI info - done
[0.177s] -- Check for working CXX compiler: /usr/bin/c++ - skipped
[0.177s] -- Detecting CXX compile features
[0.177s] -- Detecting CXX compile features - done
[0.179s] -- Found ament_cmake: 1.3.14 (/opt/ros/humble/share/ament_cmake/cmake)
[0.271s] -- Found Python3: /usr/bin/python3 (found version "3.10.12") found components: Interpreter 
[0.307s] -- Override CMake install command with custom implementation using symlinks instead of copying resources
[0.363s] -- Configuring done
[0.365s] -- Generating done
[0.365s] -- Build files have been written to: /home/faps/isaacsim_ros2/src/robot_description/build/robot_description
[0.368s] Invoked command in '/home/faps/isaacsim_ros2/src/robot_description/build/robot_description' returned '0': CMAKE_PREFIX_PATH=${CMAKE_PREFIX_PATH}:/home/faps/ros_2/workspace_ur_ros2/install/onrobot_rg_modbus_tcp:/home/faps/ros_2/workspace_ur_ros2/install/onrobot_rg_control:/opt/ros/humble /usr/bin/cmake /home/faps/isaacsim_ros2/src/robot_description -DAMENT_CMAKE_SYMLINK_INSTALL=1 -DCMAKE_INSTALL_PREFIX=/home/faps/isaacsim_ros2/src/robot_description/install/robot_description
[0.369s] Invoking command in '/home/faps/isaacsim_ros2/src/robot_description/build/robot_description': CMAKE_PREFIX_PATH=${CMAKE_PREFIX_PATH}:/home/faps/ros_2/workspace_ur_ros2/install/onrobot_rg_modbus_tcp:/home/faps/ros_2/workspace_ur_ros2/install/onrobot_rg_control:/opt/ros/humble /usr/bin/cmake --build /home/faps/isaacsim_ros2/src/robot_description/build/robot_description -- -j32 -l32
[0.396s] Invoked command in '/home/faps/isaacsim_ros2/src/robot_description/build/robot_description' returned '0': CMAKE_PREFIX_PATH=${CMAKE_PREFIX_PATH}:/home/faps/ros_2/workspace_ur_ros2/install/onrobot_rg_modbus_tcp:/home/faps/ros_2/workspace_ur_ros2/install/onrobot_rg_control:/opt/ros/humble /usr/bin/cmake --build /home/faps/isaacsim_ros2/src/robot_description/build/robot_description -- -j32 -l32
[0.402s] Invoking command in '/home/faps/isaacsim_ros2/src/robot_description/build/robot_description': CMAKE_PREFIX_PATH=${CMAKE_PREFIX_PATH}:/home/faps/ros_2/workspace_ur_ros2/install/onrobot_rg_modbus_tcp:/home/faps/ros_2/workspace_ur_ros2/install/onrobot_rg_control:/opt/ros/humble /usr/bin/cmake --install /home/faps/isaacsim_ros2/src/robot_description/build/robot_description
[0.407s] -- Install configuration: ""
[0.407s] -- Execute custom install script
[0.408s] -- Symlinking: /home/faps/isaacsim_ros2/src/robot_description/install/robot_description/share/robot_description/meshes/Amoeba.stl
[0.414s] -- Symlinking: /home/faps/isaacsim_ros2/src/robot_description/install/robot_description/share/robot_description/meshes/Base_link.stl
[0.419s] -- Symlinking: /home/faps/isaacsim_ros2/src/robot_description/install/robot_description/share/robot_description/meshes/Bracket.stl
[0.425s] -- Symlinking: /home/faps/isaacsim_ros2/src/robot_description/install/robot_description/share/robot_description/meshes/Clamp_Vorderteil/ClampVorderteil.stl
[0.430s] -- Symlinking: /home/faps/isaacsim_ros2/src/robot_description/install/robot_description/share/robot_description/meshes/Coil.stl
[0.434s] -- Symlinking: /home/faps/isaacsim_ros2/src/robot_description/install/robot_description/share/robot_description/meshes/Hex.stl
[0.438s] -- Symlinking: /home/faps/isaacsim_ros2/src/robot_description/install/robot_description/share/robot_description/meshes/Nozzle_for_tape.stl
[0.444s] -- Symlinking: /home/faps/isaacsim_ros2/src/robot_description/install/robot_description/share/robot_description/meshes/Spulengeometrie/Spulengeometrie.stl
[0.449s] -- Symlinking: /home/faps/isaacsim_ros2/src/robot_description/install/robot_description/share/robot_description/meshes/ZwischenteilClampVorderteilUndCoil.stl
[0.455s] -- Symlinking: /home/faps/isaacsim_ros2/src/robot_description/install/robot_description/share/robot_description/meshes/camera_stl/clamp_base.stl
[0.460s] -- Symlinking: /home/faps/isaacsim_ros2/src/robot_description/install/robot_description/share/robot_description/meshes/camera_stl/clamp_stem.stl
[0.465s] -- Symlinking: /home/faps/isaacsim_ros2/src/robot_description/install/robot_description/share/robot_description/meshes/camera_stl/d435.dae
[0.470s] -- Symlinking: /home/faps/isaacsim_ros2/src/robot_description/install/robot_description/share/robot_description/meshes/clamp_ohne_stator.dae
[0.475s] -- Symlinking: /home/faps/isaacsim_ros2/src/robot_description/install/robot_description/share/robot_description/meshes/coupler.stl
[0.480s] -- Symlinking: /home/faps/isaacsim_ros2/src/robot_description/install/robot_description/share/robot_description/meshes/on_robot_ft/onrobot_hexe_v2_ft_sensor.dae
[0.485s] -- Symlinking: /home/faps/isaacsim_ros2/src/robot_description/install/robot_description/share/robot_description/meshes/on_robot_ft/onrobot_hexe_v2_ft_sensor.stl
[0.491s] -- Symlinking: /home/faps/isaacsim_ros2/src/robot_description/install/robot_description/share/robot_description/meshes/on_robot_rg2/collision/base_link.stl
[0.495s] -- Symlinking: /home/faps/isaacsim_ros2/src/robot_description/install/robot_description/share/robot_description/meshes/on_robot_rg2/collision/inner_finger.stl
[0.499s] -- Symlinking: /home/faps/isaacsim_ros2/src/robot_description/install/robot_description/share/robot_description/meshes/on_robot_rg2/collision/inner_knuckle.stl
[0.504s] -- Symlinking: /home/faps/isaacsim_ros2/src/robot_description/install/robot_description/share/robot_description/meshes/on_robot_rg2/collision/outer_knuckle.stl
[0.509s] -- Symlinking: /home/faps/isaacsim_ros2/src/robot_description/install/robot_description/share/robot_description/meshes/on_robot_rg2/visual/base_link.stl
[0.513s] -- Symlinking: /home/faps/isaacsim_ros2/src/robot_description/install/robot_description/share/robot_description/meshes/on_robot_rg2/visual/inner_finger.stl
[0.519s] -- Symlinking: /home/faps/isaacsim_ros2/src/robot_description/install/robot_description/share/robot_description/meshes/on_robot_rg2/visual/inner_knuckle.stl
[0.524s] -- Symlinking: /home/faps/isaacsim_ros2/src/robot_description/install/robot_description/share/robot_description/meshes/on_robot_rg2/visual/outer_knuckle.stl
[0.529s] -- Symlinking: /home/faps/isaacsim_ros2/src/robot_description/install/robot_description/share/robot_description/meshes/setup_faps.dae
[0.534s] -- Symlinking: /home/faps/isaacsim_ros2/src/robot_description/install/robot_description/share/robot_description/meshes/sps_tablet.dae
[0.540s] -- Symlinking: /home/faps/isaacsim_ros2/src/robot_description/install/robot_description/share/robot_description/meshes/stator_clamp/clamp.dae
[0.545s] -- Symlinking: /home/faps/isaacsim_ros2/src/robot_description/install/robot_description/share/robot_description/meshes/stator_clamp/stator.dae
[0.550s] -- Symlinking: /home/faps/isaacsim_ros2/src/robot_description/install/robot_description/share/robot_description/meshes/stator_clamp/stator_old.dae
[0.555s] -- Symlinking: /home/faps/isaacsim_ros2/src/robot_description/install/robot_description/share/robot_description/meshes/stator_clean.dae
[0.559s] -- Symlinking: /home/faps/isaacsim_ros2/src/robot_description/install/robot_description/share/robot_description/meshes/tisch12_faps.dae
[0.563s] -- Symlinking: /home/faps/isaacsim_ros2/src/robot_description/install/robot_description/share/robot_description/meshes/tisch12_faps.stl
[0.567s] -- Symlinking: /home/faps/isaacsim_ros2/src/robot_description/install/robot_description/share/robot_description/meshes/ur10e/collision/base.stl
[0.573s] -- Symlinking: /home/faps/isaacsim_ros2/src/robot_description/install/robot_description/share/robot_description/meshes/ur10e/collision/forearm.stl
[0.577s] -- Symlinking: /home/faps/isaacsim_ros2/src/robot_description/install/robot_description/share/robot_description/meshes/ur10e/collision/shoulder.stl
[0.583s] -- Symlinking: /home/faps/isaacsim_ros2/src/robot_description/install/robot_description/share/robot_description/meshes/ur10e/collision/upperarm.stl
[0.588s] -- Symlinking: /home/faps/isaacsim_ros2/src/robot_description/install/robot_description/share/robot_description/meshes/ur10e/collision/wrist1.stl
[0.592s] -- Symlinking: /home/faps/isaacsim_ros2/src/robot_description/install/robot_description/share/robot_description/meshes/ur10e/collision/wrist2.stl
[0.597s] -- Symlinking: /home/faps/isaacsim_ros2/src/robot_description/install/robot_description/share/robot_description/meshes/ur10e/collision/wrist3.stl
[0.603s] -- Symlinking: /home/faps/isaacsim_ros2/src/robot_description/install/robot_description/share/robot_description/meshes/ur10e/visual/base.dae
[0.608s] -- Symlinking: /home/faps/isaacsim_ros2/src/robot_description/install/robot_description/share/robot_description/meshes/ur10e/visual/forearm.dae
[0.613s] -- Symlinking: /home/faps/isaacsim_ros2/src/robot_description/install/robot_description/share/robot_description/meshes/ur10e/visual/shoulder.dae
[0.618s] -- Symlinking: /home/faps/isaacsim_ros2/src/robot_description/install/robot_description/share/robot_description/meshes/ur10e/visual/upperarm.dae
[0.622s] -- Symlinking: /home/faps/isaacsim_ros2/src/robot_description/install/robot_description/share/robot_description/meshes/ur10e/visual/wrist1.dae
[0.627s] -- Symlinking: /home/faps/isaacsim_ros2/src/robot_description/install/robot_description/share/robot_description/meshes/ur10e/visual/wrist2.dae
[0.631s] -- Symlinking: /home/faps/isaacsim_ros2/src/robot_description/install/robot_description/share/robot_description/meshes/ur10e/visual/wrist3.dae
[0.636s] -- Symlinking: /home/faps/isaacsim_ros2/src/robot_description/install/robot_description/share/robot_description/meshes/ur5/collision/base.stl
[0.642s] -- Symlinking: /home/faps/isaacsim_ros2/src/robot_description/install/robot_description/share/robot_description/meshes/ur5/collision/forearm.stl
[0.647s] -- Symlinking: /home/faps/isaacsim_ros2/src/robot_description/install/robot_description/share/robot_description/meshes/ur5/collision/robotiq_85_base_link.stl
[0.652s] -- Symlinking: /home/faps/isaacsim_ros2/src/robot_description/install/robot_description/share/robot_description/meshes/ur5/collision/robotiq_85_finger_link.stl
[0.657s] -- Symlinking: /home/faps/isaacsim_ros2/src/robot_description/install/robot_description/share/robot_description/meshes/ur5/collision/robotiq_85_finger_tip_link.stl
[0.662s] -- Symlinking: /home/faps/isaacsim_ros2/src/robot_description/install/robot_description/share/robot_description/meshes/ur5/collision/robotiq_85_inner_knuckle_link.stl
[0.668s] -- Symlinking: /home/faps/isaacsim_ros2/src/robot_description/install/robot_description/share/robot_description/meshes/ur5/collision/robotiq_85_knuckle_link.stl
[0.673s] -- Symlinking: /home/faps/isaacsim_ros2/src/robot_description/install/robot_description/share/robot_description/meshes/ur5/collision/shoulder.stl
[0.678s] -- Symlinking: /home/faps/isaacsim_ros2/src/robot_description/install/robot_description/share/robot_description/meshes/ur5/collision/upperarm.stl
[0.683s] -- Symlinking: /home/faps/isaacsim_ros2/src/robot_description/install/robot_description/share/robot_description/meshes/ur5/collision/wrist1.stl
[0.687s] -- Symlinking: /home/faps/isaacsim_ros2/src/robot_description/install/robot_description/share/robot_description/meshes/ur5/collision/wrist2.stl
[0.691s] -- Symlinking: /home/faps/isaacsim_ros2/src/robot_description/install/robot_description/share/robot_description/meshes/ur5/collision/wrist3.stl
[0.695s] -- Symlinking: /home/faps/isaacsim_ros2/src/robot_description/install/robot_description/share/robot_description/meshes/ur5/visual/base.dae
[0.700s] -- Symlinking: /home/faps/isaacsim_ros2/src/robot_description/install/robot_description/share/robot_description/meshes/ur5/visual/forearm.dae
[0.705s] -- Symlinking: /home/faps/isaacsim_ros2/src/robot_description/install/robot_description/share/robot_description/meshes/ur5/visual/robotiq_85_base_link.dae
[0.710s] -- Symlinking: /home/faps/isaacsim_ros2/src/robot_description/install/robot_description/share/robot_description/meshes/ur5/visual/robotiq_85_finger_link.dae
[0.716s] -- Symlinking: /home/faps/isaacsim_ros2/src/robot_description/install/robot_description/share/robot_description/meshes/ur5/visual/robotiq_85_finger_tip_link.dae
[0.720s] -- Symlinking: /home/faps/isaacsim_ros2/src/robot_description/install/robot_description/share/robot_description/meshes/ur5/visual/robotiq_85_inner_knuckle_link.dae
[0.725s] -- Symlinking: /home/faps/isaacsim_ros2/src/robot_description/install/robot_description/share/robot_description/meshes/ur5/visual/robotiq_85_knuckle_link.dae
[0.729s] -- Symlinking: /home/faps/isaacsim_ros2/src/robot_description/install/robot_description/share/robot_description/meshes/ur5/visual/shoulder.dae
[0.734s] -- Symlinking: /home/faps/isaacsim_ros2/src/robot_description/install/robot_description/share/robot_description/meshes/ur5/visual/upperarm.dae
[0.739s] -- Symlinking: /home/faps/isaacsim_ros2/src/robot_description/install/robot_description/share/robot_description/meshes/ur5/visual/wrist1.dae
[0.745s] -- Symlinking: /home/faps/isaacsim_ros2/src/robot_description/install/robot_description/share/robot_description/meshes/ur5/visual/wrist2.dae
[0.750s] -- Symlinking: /home/faps/isaacsim_ros2/src/robot_description/install/robot_description/share/robot_description/meshes/ur5/visual/wrist3.dae
[0.754s] -- Symlinking: /home/faps/isaacsim_ros2/src/robot_description/install/robot_description/share/robot_description/robot/configuration/robot_base.usd
[0.758s] -- Symlinking: /home/faps/isaacsim_ros2/src/robot_description/install/robot_description/share/robot_description/robot/configuration/robot_physics.usd
[0.764s] -- Symlinking: /home/faps/isaacsim_ros2/src/robot_description/install/robot_description/share/robot_description/robot/configuration/robot_sensor.usd
[0.769s] -- Symlinking: /home/faps/isaacsim_ros2/src/robot_description/install/robot_description/share/robot_description/robot/robot.usd
[0.775s] -- Symlinking: /home/faps/isaacsim_ros2/src/robot_description/install/robot_description/share/robot_description/table_clamp/configuration/table_clamp_base.usd
[0.780s] -- Symlinking: /home/faps/isaacsim_ros2/src/robot_description/install/robot_description/share/robot_description/table_clamp/configuration/table_clamp_physics.usd
[0.783s] -- Symlinking: /home/faps/isaacsim_ros2/src/robot_description/install/robot_description/share/robot_description/table_clamp/configuration/table_clamp_sensor.usd
[0.787s] -- Symlinking: /home/faps/isaacsim_ros2/src/robot_description/install/robot_description/share/robot_description/table_clamp/table_clamp.usd
[0.791s] [31mCMake Error at ament_cmake_symlink_install/ament_cmake_symlink_install.cmake:163 (message):
[0.791s]   ament_cmake_symlink_install_files() can't find
[0.791s]   '/home/faps/isaacsim_ros2/src/robot_description/env.urdf'
[0.791s] Call Stack (most recent call first):
[0.791s]   ament_cmake_symlink_install/ament_cmake_symlink_install.cmake:322 (ament_cmake_symlink_install_files)
[0.791s]   cmake_install.cmake:46 (include)
[0.791s] 
[0.791s] [0m
[0.792s] Invoked command in '/home/faps/isaacsim_ros2/src/robot_description/build/robot_description' returned '1': CMAKE_PREFIX_PATH=${CMAKE_PREFIX_PATH}:/home/faps/ros_2/workspace_ur_ros2/install/onrobot_rg_modbus_tcp:/home/faps/ros_2/workspace_ur_ros2/install/onrobot_rg_control:/opt/ros/humble /usr/bin/cmake --install /home/faps/isaacsim_ros2/src/robot_description/build/robot_description
